
> nextjs@0.1.0 dev
> next dev -H 0.0.0.0 -p 3000

   ▲ Next.js 15.2.3
   - Local:        http://localhost:3000
   - Network:      http://0.0.0.0:3000

 ✓ Starting...
Attention: Next.js now collects completely anonymous telemetry regarding usage.
This information is used to shape Next.js' roadmap and prioritize features.
You can learn more, including how to opt-out if you'd not like to participate in this anonymous program, by visiting the following URL:
https://nextjs.org/telemetry

 ✓ Ready in 1745ms
 ○ Compiling / ...
 ✓ Compiled / in 5.3s (744 modules)
 ✓ Compiled in 537ms (331 modules)
 ✓ Compiled in 159ms (331 modules)
 ✓ Compiled in 96ms (331 modules)
 ✓ Compiled in 91ms (331 modules)
 ✓ Compiled in 97ms (331 modules)
 ✓ Compiled in 93ms (331 modules)
 ✓ Compiled in 92ms (331 modules)
 ✓ Compiled in 92ms (331 modules)
 ✓ Compiled in 102ms (331 modules)
 GET / 200 in 156ms
 ✓ Compiled in 144ms (331 modules)
 ✓ Compiled in 78ms (331 modules)
 ✓ Compiled in 85ms (331 modules)
 ⚠ Blocked cross-origin request from vscode-internal-9051-beta.beta01.cloud.kavia.ai. To allow this, configure "allowedDevOrigins" in next.config
Read more: https://nextjs.org/docs/app/api-reference/config/next-config-js/allowedDevOrigins
 ✓ Compiled in 137ms (331 modules)
 GET / 200 in 139ms
 ✓ Compiled in 96ms (331 modules)
 ✓ Compiled in 76ms (331 modules)
 ✓ Compiled in 89ms (331 modules)
 ✓ Compiled in 87ms (331 modules)
 ✓ Compiled in 90ms (331 modules)
 ✓ Compiled in 89ms (331 modules)
 ✓ Compiled in 90ms (331 modules)
 ✓ Compiled in 85ms (331 modules)
 ✓ Compiled in 84ms (331 modules)
 ✓ Compiled in 94ms (331 modules)
 ✓ Compiled in 89ms (331 modules)
 ✓ Compiled in 87ms (331 modules)
 ✓ Compiled in 84ms (331 modules)
 ✓ Compiled in 81ms (331 modules)
 ✓ Compiled in 76ms (331 modules)
 ✓ Compiled in 79ms (331 modules)
 ✓ Compiled in 75ms (331 modules)
 ✓ Compiled in 79ms (331 modules)
 ✓ Compiled in 80ms (331 modules)
 ✓ Compiled in 74ms (331 modules)
 ✓ Compiled in 77ms (331 modules)
 ✓ Compiled in 78ms (331 modules)
 ✓ Compiled in 94ms (331 modules)
 ✓ Compiled in 72ms (331 modules)
 ✓ Compiled in 85ms (331 modules)
 ✓ Compiled in 89ms (331 modules)
 ✓ Compiled in 80ms (331 modules)
 ✓ Compiled in 80ms (331 modules)
 ✓ Compiled in 75ms (331 modules)
 ✓ Compiled in 87ms (331 modules)
 ✓ Compiled in 85ms (331 modules)
 ✓ Compiled in 81ms (331 modules)
 ✓ Compiled in 81ms (331 modules)
 ✓ Compiled in 80ms (331 modules)
 ✓ Compiled in 86ms (331 modules)
 ✓ Compiled in 83ms (331 modules)
 ✓ Compiled in 98ms (331 modules)
 ✓ Compiled in 79ms (331 modules)
 ✓ Compiled in 96ms (331 modules)
 ✓ Compiled in 72ms (331 modules)
 ✓ Compiled in 76ms (331 modules)
 ✓ Compiled in 73ms (331 modules)
 ✓ Compiled in 72ms (331 modules)
 ✓ Compiled in 72ms (331 modules)
 ✓ Compiled in 76ms (331 modules)
 ✓ Compiled in 77ms (331 modules)
 ✓ Compiled in 68ms (331 modules)
 ✓ Compiled in 74ms (331 modules)
 ✓ Compiled in 71ms (331 modules)
 ✓ Compiled in 79ms (331 modules)
 ✓ Compiled in 78ms (331 modules)
 ✓ Compiled in 79ms (331 modules)
 ✓ Compiled in 85ms (331 modules)
 ✓ Compiled in 69ms (331 modules)
 ✓ Compiled in 71ms (331 modules)
 ✓ Compiled in 81ms (331 modules)
 ✓ Compiled in 78ms (331 modules)
 ✓ Compiled in 71ms (331 modules)
 ✓ Compiled in 75ms (331 modules)
 ✓ Compiled in 79ms (331 modules)
 ✓ Compiled in 70ms (331 modules)
 ✓ Compiled in 71ms (331 modules)
 ✓ Compiled in 77ms (331 modules)
 ✓ Compiled in 78ms (331 modules)
 ✓ Compiled in 157ms (331 modules)
 ✓ Compiled in 77ms (331 modules)
 ✓ Compiled in 76ms (331 modules)
 ✓ Compiled in 74ms (331 modules)
 ✓ Compiled in 77ms (331 modules)
 ✓ Compiled in 74ms (331 modules)
 ✓ Compiled in 73ms (331 modules)
 ✓ Compiled in 73ms (331 modules)
 ✓ Compiled in 70ms (331 modules)
 ✓ Compiled in 71ms (331 modules)
 ✓ Compiled in 83ms (331 modules)
 ✓ Compiled in 78ms (331 modules)
 ✓ Compiled in 84ms (331 modules)
 ✓ Compiled in 77ms (331 modules)
 ✓ Compiled in 75ms (331 modules)
 ✓ Compiled in 78ms (331 modules)
 ✓ Compiled in 75ms (331 modules)
 ✓ Compiled in 79ms (331 modules)
 ✓ Compiled in 69ms (331 modules)
 ✓ Compiled in 74ms (331 modules)
 ✓ Compiled in 70ms (331 modules)
 ✓ Compiled in 76ms (331 modules)
 ✓ Compiled in 82ms (331 modules)
 ✓ Compiled in 74ms (331 modules)
 ✓ Compiled in 75ms (331 modules)
 ✓ Compiled in 70ms (331 modules)
 ✓ Compiled in 84ms (331 modules)
 ✓ Compiled in 71ms (331 modules)
 ✓ Compiled in 73ms (331 modules)
 ✓ Compiled in 77ms (331 modules)
 ✓ Compiled in 76ms (331 modules)
 ✓ Compiled in 67ms (331 modules)
 ✓ Compiled in 73ms (331 modules)
 ✓ Compiled in 81ms (331 modules)
 ✓ Compiled in 73ms (331 modules)
 ✓ Compiled in 79ms (331 modules)
 ✓ Compiled in 76ms (331 modules)
 ✓ Compiled in 67ms (331 modules)
 ✓ Compiled in 82ms (331 modules)
 ✓ Compiled in 73ms (331 modules)
 ✓ Compiled in 82ms (331 modules)
 ✓ Compiled in 71ms (331 modules)
 ✓ Compiled in 77ms (331 modules)
 ✓ Compiled in 67ms (331 modules)
 ✓ Compiled in 73ms (331 modules)
 ✓ Compiled in 78ms (331 modules)
 ✓ Compiled in 83ms (331 modules)
 ✓ Compiled in 77ms (331 modules)
 ✓ Compiled in 70ms (331 modules)
 ✓ Compiled in 66ms (331 modules)
 ✓ Compiled in 71ms (331 modules)
 ✓ Compiled in 85ms (331 modules)
 ✓ Compiled in 75ms (331 modules)
 ✓ Compiled in 74ms (331 modules)
 ✓ Compiled in 79ms (331 modules)
 ✓ Compiled in 69ms (331 modules)
 ✓ Compiled in 71ms (331 modules)
 ✓ Compiled in 73ms (331 modules)
 ✓ Compiled in 74ms (331 modules)
 ✓ Compiled in 72ms (331 modules)
 ✓ Compiled in 74ms (331 modules)
 ✓ Compiled in 69ms (331 modules)
 ✓ Compiled in 71ms (331 modules)
 ✓ Compiled in 71ms (331 modules)
 ✓ Compiled in 68ms (331 modules)
 ✓ Compiled in 84ms (331 modules)
 ✓ Compiled in 76ms (331 modules)
 ✓ Compiled in 68ms (331 modules)
 ✓ Compiled in 74ms (331 modules)
 ✓ Compiled in 71ms (331 modules)
 ✓ Compiled in 67ms (331 modules)
 ✓ Compiled in 71ms (331 modules)
 ✓ Compiled in 71ms (331 modules)
 ✓ Compiled in 68ms (331 modules)
 ✓ Compiled in 77ms (331 modules)
 ✓ Compiled in 70ms (331 modules)
 ✓ Compiled in 67ms (331 modules)
 ✓ Compiled in 71ms (331 modules)
 ✓ Compiled in 79ms (331 modules)
 ✓ Compiled in 85ms (331 modules)
 ✓ Compiled in 77ms (331 modules)
 ✓ Compiled in 77ms (331 modules)
 ✓ Compiled in 74ms (331 modules)
 ✓ Compiled in 91ms (331 modules)
 ✓ Compiled in 76ms (331 modules)
 ✓ Compiled in 73ms (331 modules)
 ✓ Compiled in 80ms (331 modules)
 ✓ Compiled in 85ms (331 modules)
 ✓ Compiled in 75ms (331 modules)
 ✓ Compiled in 73ms (331 modules)
 ✓ Compiled in 75ms (331 modules)
 ✓ Compiled in 72ms (331 modules)
 ✓ Compiled in 75ms (331 modules)
 ✓ Compiled in 81ms (331 modules)
 ✓ Compiled in 83ms (331 modules)
 ✓ Compiled in 78ms (331 modules)
 ✓ Compiled in 70ms (331 modules)
 ✓ Compiled in 71ms (331 modules)
 ✓ Compiled in 72ms (331 modules)
 ✓ Compiled in 71ms (331 modules)
 ✓ Compiled in 81ms (331 modules)
 ✓ Compiled in 73ms (331 modules)
 ✓ Compiled in 71ms (331 modules)
 ✓ Compiled in 85ms (331 modules)
 ✓ Compiled in 78ms (331 modules)
 ✓ Compiled in 94ms (331 modules)
 ✓ Compiled in 87ms (331 modules)
 ✓ Compiled in 69ms (331 modules)
 ✓ Compiled in 81ms (331 modules)
 ✓ Compiled in 76ms (331 modules)
 ✓ Compiled in 75ms (331 modules)
 ✓ Compiled in 70ms (331 modules)
 ✓ Compiled in 74ms (331 modules)
 ✓ Compiled in 73ms (331 modules)
 ✓ Compiled in 86ms (331 modules)
 ✓ Compiled in 70ms (331 modules)
 ✓ Compiled in 67ms (331 modules)
 ✓ Compiled in 87ms (331 modules)
 ✓ Compiled in 72ms (331 modules)
 ✓ Compiled in 69ms (331 modules)
 ✓ Compiled in 75ms (331 modules)
 ✓ Compiled in 78ms (331 modules)
 ✓ Compiled in 69ms (331 modules)
 ✓ Compiled in 73ms (331 modules)
 ✓ Compiled in 82ms (331 modules)
 ✓ Compiled in 69ms (331 modules)
 ✓ Compiled in 74ms (331 modules)
 ✓ Compiled in 72ms (331 modules)
 ✓ Compiled in 82ms (331 modules)
 ✓ Compiled in 73ms (331 modules)
 ✓ Compiled in 76ms (331 modules)
 ✓ Compiled in 69ms (331 modules)
 ✓ Compiled in 76ms (331 modules)
 ✓ Compiled in 70ms (331 modules)
 ✓ Compiled in 73ms (331 modules)
 ✓ Compiled in 90ms (331 modules)
 ✓ Compiled in 81ms (331 modules)
 ✓ Compiled in 66ms (331 modules)
 ✓ Compiled in 71ms (331 modules)
 ✓ Compiled in 85ms (331 modules)
 ✓ Compiled in 71ms (331 modules)
 ✓ Compiled in 78ms (331 modules)
 ✓ Compiled in 72ms (331 modules)
 ✓ Compiled in 74ms (331 modules)
 ✓ Compiled in 76ms (331 modules)
 ✓ Compiled in 81ms (331 modules)
 ✓ Compiled in 72ms (331 modules)
 ✓ Compiled in 69ms (331 modules)
 ✓ Compiled in 72ms (331 modules)
 ✓ Compiled in 83ms (331 modules)
 ✓ Compiled in 67ms (331 modules)
 ✓ Compiled in 153ms (331 modules)
 ✓ Compiled in 73ms (331 modules)
 ✓ Compiled in 75ms (331 modules)
 ✓ Compiled in 74ms (331 modules)
 ✓ Compiled in 66ms (331 modules)
 ✓ Compiled in 78ms (331 modules)
 ✓ Compiled in 70ms (331 modules)
 ✓ Compiled in 72ms (331 modules)
 ✓ Compiled in 89ms (331 modules)
 ✓ Compiled in 81ms (331 modules)
 ✓ Compiled in 67ms (331 modules)
 ✓ Compiled in 70ms (331 modules)
 ✓ Compiled in 73ms (331 modules)
 ✓ Compiled in 67ms (331 modules)
 ✓ Compiled in 71ms (331 modules)
 ✓ Compiled in 70ms (331 modules)
 ✓ Compiled in 68ms (331 modules)
 ✓ Compiled in 65ms (331 modules)
 ✓ Compiled in 69ms (331 modules)
 ✓ Compiled in 73ms (331 modules)
 ✓ Compiled in 80ms (331 modules)
 ✓ Compiled in 71ms (331 modules)
 ✓ Compiled in 81ms (331 modules)
 ✓ Compiled in 69ms (331 modules)
 ✓ Compiled in 68ms (331 modules)
 ✓ Compiled in 66ms (331 modules)
 ✓ Compiled in 66ms (331 modules)
 ✓ Compiled in 68ms (331 modules)
 ✓ Compiled in 74ms (331 modules)
 ✓ Compiled in 78ms (331 modules)
 ✓ Compiled in 75ms (331 modules)
 ✓ Compiled in 69ms (331 modules)
 ✓ Compiled in 65ms (331 modules)
 ✓ Compiled in 74ms (331 modules)
 ✓ Compiled in 99ms (331 modules)
 ✓ Compiled in 71ms (331 modules)
 ✓ Compiled in 91ms (331 modules)
 ✓ Compiled in 78ms (331 modules)
 ✓ Compiled in 67ms (331 modules)
 ✓ Compiled in 69ms (331 modules)
 ✓ Compiled in 71ms (331 modules)
 ✓ Compiled in 72ms (331 modules)
 ✓ Compiled in 66ms (331 modules)
 ✓ Compiled in 79ms (331 modules)
 ✓ Compiled in 68ms (331 modules)
 ✓ Compiled in 72ms (331 modules)
 ✓ Compiled in 74ms (331 modules)
 ✓ Compiled in 72ms (331 modules)
 ✓ Compiled in 71ms (331 modules)
 ✓ Compiled in 78ms (331 modules)
 ✓ Compiled in 81ms (331 modules)
 ✓ Compiled in 67ms (331 modules)
 ✓ Compiled in 73ms (331 modules)
 ✓ Compiled in 74ms (331 modules)
 ✓ Compiled in 69ms (331 modules)
 ✓ Compiled in 71ms (331 modules)
 ✓ Compiled in 69ms (331 modules)
 ✓ Compiled in 77ms (331 modules)
 ✓ Compiled in 80ms (331 modules)
 ✓ Compiled in 78ms (331 modules)
 ✓ Compiled in 72ms (331 modules)
 ✓ Compiled in 71ms (331 modules)
 ✓ Compiled in 76ms (331 modules)
 ✓ Compiled in 69ms (331 modules)
 ✓ Compiled in 80ms (331 modules)
 ✓ Compiled in 76ms (331 modules)
 ✓ Compiled in 68ms (331 modules)
 ✓ Compiled in 77ms (331 modules)
 ✓ Compiled in 71ms (331 modules)
 ✓ Compiled in 69ms (331 modules)
 ✓ Compiled in 75ms (331 modules)
 ✓ Compiled in 72ms (331 modules)
 ✓ Compiled in 74ms (331 modules)
 ✓ Compiled in 81ms (331 modules)
 ✓ Compiled in 68ms (331 modules)
 ✓ Compiled in 68ms (331 modules)
 ✓ Compiled in 69ms (331 modules)
 ✓ Compiled in 68ms (331 modules)
 ✓ Compiled in 76ms (331 modules)
 ✓ Compiled in 72ms (331 modules)
 ✓ Compiled in 79ms (331 modules)
 ✓ Compiled in 69ms (331 modules)
 ✓ Compiled in 67ms (331 modules)
 ✓ Compiled in 72ms (331 modules)
 ✓ Compiled in 73ms (331 modules)
 ✓ Compiled in 77ms (331 modules)
 ✓ Compiled in 72ms (331 modules)
 ✓ Compiled in 69ms (331 modules)
 ✓ Compiled in 83ms (331 modules)
 ✓ Compiled in 72ms (331 modules)
 ✓ Compiled in 72ms (331 modules)
 ✓ Compiled in 80ms (331 modules)
 ✓ Compiled in 72ms (331 modules)
 ✓ Compiled in 70ms (331 modules)
 ✓ Compiled in 69ms (331 modules)
 ✓ Compiled in 74ms (331 modules)
 ✓ Compiled in 71ms (331 modules)
 ✓ Compiled in 73ms (331 modules)
 ✓ Compiled in 77ms (331 modules)
 ✓ Compiled in 75ms (331 modules)
 ✓ Compiled in 73ms (331 modules)
 ✓ Compiled in 87ms (331 modules)
 ✓ Compiled in 97ms (331 modules)
 ✓ Compiled in 91ms (331 modules)
 ✓ Compiled in 72ms (331 modules)
 ✓ Compiled in 94ms (331 modules)
 ✓ Compiled in 75ms (331 modules)
 ✓ Compiled in 70ms (331 modules)
 ✓ Compiled in 80ms (331 modules)
 ✓ Compiled in 82ms (331 modules)
 ✓ Compiled in 72ms (331 modules)
 ✓ Compiled in 85ms (331 modules)
 ✓ Compiled in 79ms (331 modules)
 ✓ Compiled in 74ms (331 modules)
 ✓ Compiled in 73ms (331 modules)
 ✓ Compiled in 75ms (331 modules)
 ✓ Compiled in 73ms (331 modules)
 ✓ Compiled in 75ms (331 modules)
 ✓ Compiled in 96ms (331 modules)
 ✓ Compiled in 72ms (331 modules)
 ✓ Compiled in 74ms (331 modules)
 ✓ Compiled in 78ms (331 modules)
 ✓ Compiled in 79ms (331 modules)
 ✓ Compiled in 79ms (331 modules)
 ✓ Compiled in 75ms (331 modules)
 ✓ Compiled in 82ms (331 modules)
 ✓ Compiled in 70ms (331 modules)
 ✓ Compiled in 80ms (331 modules)
 ✓ Compiled in 76ms (331 modules)
 ✓ Compiled in 84ms (331 modules)
 ✓ Compiled in 77ms (331 modules)
 ✓ Compiled in 78ms (331 modules)
 ✓ Compiled in 81ms (331 modules)
 ✓ Compiled in 77ms (331 modules)
 ✓ Compiled in 83ms (331 modules)
 ✓ Compiled in 78ms (331 modules)
 ✓ Compiled in 75ms (331 modules)
 ✓ Compiled in 79ms (331 modules)
 ✓ Compiled in 71ms (331 modules)
 ✓ Compiled in 78ms (331 modules)
 ✓ Compiled in 73ms (331 modules)
 ✓ Compiled in 69ms (331 modules)
 ✓ Compiled in 73ms (331 modules)
 ✓ Compiled in 74ms (331 modules)
 ✓ Compiled in 87ms (331 modules)
 ✓ Compiled in 74ms (331 modules)
 ✓ Compiled in 79ms (331 modules)
 ✓ Compiled in 155ms (331 modules)
 ✓ Compiled in 90ms (331 modules)
 ✓ Compiled in 79ms (331 modules)
 ✓ Compiled in 73ms (331 modules)
 ✓ Compiled in 79ms (331 modules)
 ✓ Compiled in 82ms (331 modules)
 ✓ Compiled in 70ms (331 modules)
 ✓ Compiled in 72ms (331 modules)
 ✓ Compiled in 74ms (331 modules)
 ✓ Compiled in 76ms (331 modules)
 ✓ Compiled in 70ms (331 modules)
 ✓ Compiled in 86ms (331 modules)
 ✓ Compiled in 69ms (331 modules)
 ✓ Compiled in 66ms (331 modules)
 ✓ Compiled in 86ms (331 modules)
 ✓ Compiled in 80ms (331 modules)
 ✓ Compiled in 72ms (331 modules)
 ✓ Compiled in 74ms (331 modules)
 ✓ Compiled in 73ms (331 modules)
 ✓ Compiled in 70ms (331 modules)
 ✓ Compiled in 69ms (331 modules)
 ✓ Compiled in 73ms (331 modules)
 ✓ Compiled in 65ms (331 modules)
 ✓ Compiled in 78ms (331 modules)
 ✓ Compiled in 68ms (331 modules)
 ✓ Compiled in 67ms (331 modules)
 ✓ Compiled in 71ms (331 modules)
 ✓ Compiled in 69ms (331 modules)
 ✓ Compiled in 69ms (331 modules)
 ✓ Compiled in 84ms (331 modules)
 ✓ Compiled in 77ms (331 modules)
 ✓ Compiled in 67ms (331 modules)
 ✓ Compiled in 76ms (331 modules)
 ✓ Compiled in 70ms (331 modules)
 ✓ Compiled in 72ms (331 modules)
 ✓ Compiled in 68ms (331 modules)
 ✓ Compiled in 70ms (331 modules)
 ✓ Compiled in 74ms (331 modules)
 ✓ Compiled in 71ms (331 modules)
 ✓ Compiled in 70ms (331 modules)
 ✓ Compiled in 70ms (331 modules)
 ✓ Compiled in 87ms (331 modules)
 ✓ Compiled in 72ms (331 modules)
 ✓ Compiled in 88ms (331 modules)
 ✓ Compiled in 74ms (331 modules)
 ✓ Compiled in 72ms (331 modules)
 ✓ Compiled in 80ms (331 modules)
 ✓ Compiled in 76ms (331 modules)
 ✓ Compiled in 83ms (331 modules)
 ✓ Compiled in 69ms (331 modules)
 ✓ Compiled in 75ms (331 modules)
 ✓ Compiled in 81ms (331 modules)
 ✓ Compiled in 69ms (331 modules)
 ✓ Compiled in 68ms (331 modules)
 ✓ Compiled in 75ms (331 modules)
 ✓ Compiled in 79ms (331 modules)
 ✓ Compiled in 79ms (331 modules)
 ✓ Compiled in 86ms (331 modules)
 ✓ Compiled in 82ms (331 modules)
 ✓ Compiled in 70ms (331 modules)
 ✓ Compiled in 76ms (331 modules)
 ✓ Compiled in 76ms (331 modules)
 ✓ Compiled in 82ms (331 modules)
 ✓ Compiled in 78ms (331 modules)
 ✓ Compiled in 74ms (331 modules)
 ✓ Compiled in 68ms (331 modules)
 ✓ Compiled in 80ms (331 modules)
 ✓ Compiled in 72ms (331 modules)
 ✓ Compiled in 74ms (331 modules)
 ✓ Compiled in 73ms (331 modules)
 ✓ Compiled in 68ms (331 modules)
 ✓ Compiled in 65ms (331 modules)
 ✓ Compiled in 79ms (331 modules)
 ✓ Compiled in 70ms (331 modules)
 ✓ Compiled in 78ms (331 modules)
 ✓ Compiled in 99ms (331 modules)
 ✓ Compiled in 101ms (331 modules)
 ✓ Compiled in 81ms (331 modules)
 ✓ Compiled in 71ms (331 modules)
 ✓ Compiled in 71ms (331 modules)
 ✓ Compiled in 65ms (331 modules)
 ✓ Compiled in 83ms (331 modules)
 ✓ Compiled in 82ms (331 modules)
 ✓ Compiled in 70ms (331 modules)
 ✓ Compiled in 80ms (331 modules)
 ✓ Compiled in 73ms (331 modules)
 ✓ Compiled in 84ms (331 modules)
 ✓ Compiled in 68ms (331 modules)
 ✓ Compiled in 85ms (331 modules)
 ✓ Compiled in 67ms (331 modules)
 ✓ Compiled in 73ms (331 modules)
 ✓ Compiled in 72ms (331 modules)
 ✓ Compiled in 70ms (331 modules)
 ✓ Compiled in 76ms (331 modules)
 ✓ Compiled in 72ms (331 modules)
 ✓ Compiled in 66ms (331 modules)
 ✓ Compiled in 88ms (331 modules)
 ✓ Compiled in 69ms (331 modules)
 ✓ Compiled in 67ms (331 modules)
 ✓ Compiled in 82ms (331 modules)
 ✓ Compiled in 70ms (331 modules)
 ✓ Compiled in 69ms (331 modules)
 ✓ Compiled in 70ms (331 modules)
 ✓ Compiled in 72ms (331 modules)
 ✓ Compiled in 67ms (331 modules)
 ✓ Compiled in 68ms (331 modules)
 ✓ Compiled in 72ms (331 modules)
 ✓ Compiled in 69ms (331 modules)
 ✓ Compiled in 80ms (331 modules)
 ✓ Compiled in 77ms (331 modules)
 ✓ Compiled in 74ms (331 modules)
 ✓ Compiled in 77ms (331 modules)
 ✓ Compiled in 72ms (331 modules)
 ✓ Compiled in 72ms (331 modules)
 ✓ Compiled in 75ms (331 modules)
 ✓ Compiled in 77ms (331 modules)
 ✓ Compiled in 66ms (331 modules)
 ✓ Compiled in 70ms (331 modules)
 ✓ Compiled in 69ms (331 modules)
 ✓ Compiled in 67ms (331 modules)
 ✓ Compiled in 70ms (331 modules)
 ✓ Compiled in 71ms (331 modules)
 ✓ Compiled in 72ms (331 modules)
 ✓ Compiled in 76ms (331 modules)
 ✓ Compiled in 71ms (331 modules)
 ✓ Compiled in 72ms (331 modules)
 ✓ Compiled in 73ms (331 modules)
 ✓ Compiled in 68ms (331 modules)
 ✓ Compiled in 82ms (331 modules)
 ✓ Compiled in 73ms (331 modules)
 ✓ Compiled in 86ms (331 modules)
 ✓ Compiled in 76ms (331 modules)
 ✓ Compiled in 78ms (331 modules)
 ✓ Compiled in 76ms (331 modules)
 ✓ Compiled in 76ms (331 modules)
 ✓ Compiled in 76ms (331 modules)
 ✓ Compiled in 71ms (331 modules)
 ✓ Compiled in 80ms (331 modules)
 ✓ Compiled in 69ms (331 modules)
 ✓ Compiled in 80ms (331 modules)
 ✓ Compiled in 68ms (331 modules)
 ✓ Compiled in 72ms (331 modules)
 ✓ Compiled in 78ms (331 modules)
 ✓ Compiled in 77ms (331 modules)
 ✓ Compiled in 72ms (331 modules)
 ✓ Compiled in 79ms (331 modules)
 ✓ Compiled in 70ms (331 modules)
 ✓ Compiled in 71ms (331 modules)
 ✓ Compiled in 74ms (331 modules)
 ✓ Compiled in 66ms (331 modules)
 ✓ Compiled in 72ms (331 modules)
 ✓ Compiled in 77ms (331 modules)
 ✓ Compiled in 70ms (331 modules)
 ✓ Compiled in 77ms (331 modules)
 ✓ Compiled in 75ms (331 modules)
 ✓ Compiled in 70ms (331 modules)
 ✓ Compiled in 71ms (331 modules)
 ✓ Compiled in 70ms (331 modules)
 ✓ Compiled in 67ms (331 modules)
 ✓ Compiled in 73ms (331 modules)
 ✓ Compiled in 72ms (331 modules)
 ✓ Compiled in 67ms (331 modules)
 ✓ Compiled in 74ms (331 modules)
 ✓ Compiled in 72ms (331 modules)
 ✓ Compiled in 71ms (331 modules)
 ✓ Compiled in 83ms (331 modules)
 ✓ Compiled in 81ms (331 modules)
 ✓ Compiled in 67ms (331 modules)
 ✓ Compiled in 69ms (331 modules)
 ✓ Compiled in 73ms (331 modules)
 ✓ Compiled in 72ms (331 modules)
 ✓ Compiled in 73ms (331 modules)
 ✓ Compiled in 89ms (331 modules)
 ✓ Compiled in 76ms (331 modules)
 ✓ Compiled in 75ms (331 modules)
 ✓ Compiled in 89ms (331 modules)
 ✓ Compiled in 75ms (331 modules)
 ✓ Compiled in 79ms (331 modules)
 ✓ Compiled in 75ms (331 modules)
 ✓ Compiled in 79ms (331 modules)
 ✓ Compiled in 74ms (331 modules)
 ✓ Compiled in 73ms (331 modules)
 ✓ Compiled in 67ms (331 modules)
 ✓ Compiled in 75ms (331 modules)
 ✓ Compiled in 110ms (331 modules)
 ✓ Compiled in 140ms (331 modules)
 ✓ Compiled in 70ms (331 modules)
 ✓ Compiled in 75ms (331 modules)
 ✓ Compiled in 75ms (331 modules)
 ✓ Compiled in 75ms (331 modules)
 ✓ Compiled in 68ms (331 modules)
 ✓ Compiled in 74ms (331 modules)
 ✓ Compiled in 71ms (331 modules)
 ✓ Compiled in 68ms (331 modules)
 ✓ Compiled in 75ms (331 modules)
 ✓ Compiled in 84ms (331 modules)
 ✓ Compiled in 70ms (331 modules)
 ✓ Compiled in 70ms (331 modules)
 ✓ Compiled in 74ms (331 modules)
 ✓ Compiled in 69ms (331 modules)
 ✓ Compiled in 87ms (331 modules)
 ✓ Compiled in 84ms (331 modules)
 ✓ Compiled in 69ms (331 modules)
 ✓ Compiled in 69ms (331 modules)
 ✓ Compiled in 72ms (331 modules)
 ✓ Compiled in 71ms (331 modules)
 ✓ Compiled in 79ms (331 modules)
 ✓ Compiled in 75ms (331 modules)
 ✓ Compiled in 73ms (331 modules)
 ✓ Compiled in 71ms (331 modules)
 ✓ Compiled in 71ms (331 modules)
 ✓ Compiled in 73ms (331 modules)
 ✓ Compiled in 90ms (331 modules)
 ✓ Compiled in 103ms (331 modules)
 ✓ Compiled in 84ms (331 modules)
 ✓ Compiled in 77ms (331 modules)
 ✓ Compiled in 71ms (331 modules)
 ✓ Compiled in 74ms (331 modules)
 ✓ Compiled in 73ms (331 modules)
 ✓ Compiled in 77ms (331 modules)
 ✓ Compiled in 73ms (331 modules)
 ✓ Compiled in 83ms (331 modules)
 ✓ Compiled in 71ms (331 modules)
 ✓ Compiled in 80ms (331 modules)
 ✓ Compiled in 67ms (331 modules)
 ✓ Compiled in 75ms (331 modules)
 ✓ Compiled in 68ms (331 modules)
 ✓ Compiled in 69ms (331 modules)
 ✓ Compiled in 69ms (331 modules)
 ✓ Compiled in 78ms (331 modules)
 ✓ Compiled in 67ms (331 modules)
 ✓ Compiled in 79ms (331 modules)
 ✓ Compiled in 81ms (331 modules)
 ✓ Compiled in 67ms (331 modules)
 ✓ Compiled in 73ms (331 modules)
 ✓ Compiled in 81ms (331 modules)
 ✓ Compiled in 81ms (331 modules)
 ✓ Compiled in 77ms (331 modules)
 ✓ Compiled in 79ms (331 modules)
 ✓ Compiled in 67ms (331 modules)
 ✓ Compiled in 87ms (331 modules)
 ✓ Compiled in 74ms (331 modules)
 ✓ Compiled in 75ms (331 modules)
 ✓ Compiled in 73ms (331 modules)
 ✓ Compiled in 74ms (331 modules)
 ✓ Compiled in 74ms (331 modules)
 ✓ Compiled in 74ms (331 modules)
 ✓ Compiled in 76ms (331 modules)
 ✓ Compiled in 70ms (331 modules)
 ✓ Compiled in 79ms (331 modules)
 ✓ Compiled in 81ms (331 modules)
 ✓ Compiled in 82ms (331 modules)
 ✓ Compiled in 84ms (331 modules)
 ✓ Compiled in 82ms (331 modules)
 ✓ Compiled in 70ms (331 modules)
 ✓ Compiled in 73ms (331 modules)
 ✓ Compiled in 75ms (331 modules)
 ✓ Compiled in 90ms (331 modules)
 ✓ Compiled in 79ms (331 modules)
 ✓ Compiled in 88ms (331 modules)
 ✓ Compiled in 80ms (331 modules)
 ✓ Compiled in 70ms (331 modules)
 ✓ Compiled in 72ms (331 modules)
 ✓ Compiled in 69ms (331 modules)
 ✓ Compiled in 74ms (331 modules)
 ✓ Compiled in 72ms (331 modules)
 ✓ Compiled in 83ms (331 modules)
 ✓ Compiled in 69ms (331 modules)
 ✓ Compiled in 68ms (331 modules)
 ✓ Compiled in 65ms (331 modules)
 ✓ Compiled in 85ms (331 modules)
 ✓ Compiled in 71ms (331 modules)
 ✓ Compiled in 67ms (331 modules)
 ✓ Compiled in 71ms (331 modules)
 ✓ Compiled in 77ms (331 modules)
 ✓ Compiled in 69ms (331 modules)
 ✓ Compiled in 71ms (331 modules)
 ✓ Compiled in 70ms (331 modules)
 ✓ Compiled in 78ms (331 modules)
 ✓ Compiled in 71ms (331 modules)
 ✓ Compiled in 74ms (331 modules)
 ✓ Compiled in 66ms (331 modules)
 ✓ Compiled in 81ms (331 modules)
 ✓ Compiled in 91ms (331 modules)
 ✓ Compiled in 80ms (331 modules)
 ✓ Compiled in 73ms (331 modules)
 ✓ Compiled in 70ms (331 modules)
 ✓ Compiled in 70ms (331 modules)
 ✓ Compiled in 77ms (331 modules)
 ✓ Compiled in 71ms (331 modules)
 ✓ Compiled in 66ms (331 modules)
 ✓ Compiled in 86ms (331 modules)
 ✓ Compiled in 72ms (331 modules)
 ✓ Compiled in 77ms (331 modules)
 ✓ Compiled in 83ms (331 modules)
 ✓ Compiled in 79ms (331 modules)
 ✓ Compiled in 71ms (331 modules)
 ✓ Compiled in 78ms (331 modules)
 ✓ Compiled in 84ms (331 modules)
 ✓ Compiled in 71ms (331 modules)
 ✓ Compiled in 79ms (331 modules)
 ✓ Compiled in 68ms (331 modules)
 ✓ Compiled in 80ms (331 modules)
 ✓ Compiled in 81ms (331 modules)
 ✓ Compiled in 71ms (331 modules)
 ✓ Compiled in 73ms (331 modules)
 ✓ Compiled in 72ms (331 modules)
 ✓ Compiled in 69ms (331 modules)
 ✓ Compiled in 72ms (331 modules)
 ✓ Compiled in 87ms (331 modules)
 ✓ Compiled in 71ms (331 modules)
 ✓ Compiled in 68ms (331 modules)
 ✓ Compiled in 70ms (331 modules)
 ✓ Compiled in 72ms (331 modules)
 ✓ Compiled in 78ms (331 modules)
 ✓ Compiled in 82ms (331 modules)
 ✓ Compiled in 71ms (331 modules)
 ✓ Compiled in 68ms (331 modules)
 ✓ Compiled in 72ms (331 modules)
 ✓ Compiled in 75ms (331 modules)
 ✓ Compiled in 80ms (331 modules)
 ✓ Compiled in 70ms (331 modules)
 ✓ Compiled in 71ms (331 modules)
 ✓ Compiled in 68ms (331 modules)
 ✓ Compiled in 73ms (331 modules)
 ✓ Compiled in 72ms (331 modules)
 ✓ Compiled in 69ms (331 modules)
 ✓ Compiled in 74ms (331 modules)
 ✓ Compiled in 71ms (331 modules)
 ✓ Compiled in 68ms (331 modules)
 ✓ Compiled in 93ms (331 modules)
 ✓ Compiled in 75ms (331 modules)
 ✓ Compiled in 74ms (331 modules)
 ✓ Compiled in 71ms (331 modules)
 ✓ Compiled in 71ms (331 modules)
 ✓ Compiled in 74ms (331 modules)
 ✓ Compiled in 72ms (331 modules)
 ✓ Compiled in 71ms (331 modules)
 ✓ Compiled in 68ms (331 modules)
 ✓ Compiled in 78ms (331 modules)
 ✓ Compiled in 72ms (331 modules)
 ✓ Compiled in 68ms (331 modules)
 ✓ Compiled in 71ms (331 modules)
 ✓ Compiled in 70ms (331 modules)
 ✓ Compiled in 67ms (331 modules)
 ✓ Compiled in 166ms (331 modules)
 ✓ Compiled in 78ms (331 modules)
 ✓ Compiled in 78ms (331 modules)
 ✓ Compiled in 69ms (331 modules)
 ✓ Compiled in 70ms (331 modules)
 ✓ Compiled in 71ms (331 modules)
 ✓ Compiled in 71ms (331 modules)
 ✓ Compiled in 69ms (331 modules)
 ✓ Compiled in 75ms (331 modules)
 ✓ Compiled in 68ms (331 modules)
 ✓ Compiled in 76ms (331 modules)
 ✓ Compiled in 70ms (331 modules)
 ✓ Compiled in 71ms (331 modules)
 ✓ Compiled in 66ms (331 modules)
 ✓ Compiled in 78ms (331 modules)
 ✓ Compiled in 68ms (331 modules)
 ✓ Compiled in 65ms (331 modules)
 ✓ Compiled in 71ms (331 modules)
 ✓ Compiled in 71ms (331 modules)
 ✓ Compiled in 69ms (331 modules)
 ✓ Compiled in 72ms (331 modules)
 ✓ Compiled in 73ms (331 modules)
 ✓ Compiled in 71ms (331 modules)
 ✓ Compiled in 80ms (331 modules)
 ✓ Compiled in 91ms (331 modules)
 ✓ Compiled in 93ms (331 modules)
 ✓ Compiled in 75ms (331 modules)
 ✓ Compiled in 77ms (331 modules)
 ✓ Compiled in 74ms (331 modules)
 ✓ Compiled in 83ms (331 modules)
 ✓ Compiled in 101ms (331 modules)
 ✓ Compiled in 93ms (331 modules)
 ✓ Compiled in 83ms (331 modules)
 ✓ Compiled in 94ms (331 modules)
 ✓ Compiled in 73ms (331 modules)
 ✓ Compiled in 87ms (331 modules)
 ✓ Compiled in 70ms (331 modules)
 ✓ Compiled in 66ms (331 modules)
 ✓ Compiled in 72ms (331 modules)
 ✓ Compiled in 80ms (331 modules)
 ✓ Compiled in 68ms (331 modules)
 ✓ Compiled in 82ms (331 modules)
 ✓ Compiled in 70ms (331 modules)
 ✓ Compiled in 67ms (331 modules)
 ✓ Compiled in 68ms (331 modules)
 ✓ Compiled in 69ms (331 modules)
 ✓ Compiled in 67ms (331 modules)
 ✓ Compiled in 79ms (331 modules)
 ✓ Compiled in 82ms (331 modules)
 ✓ Compiled in 73ms (331 modules)
 ✓ Compiled in 68ms (331 modules)
 ✓ Compiled in 72ms (331 modules)
 ✓ Compiled in 66ms (331 modules)
 ✓ Compiled in 69ms (331 modules)
 ✓ Compiled in 71ms (331 modules)
 ✓ Compiled in 66ms (331 modules)
 ✓ Compiled in 69ms (331 modules)
 ✓ Compiled in 67ms (331 modules)
 ✓ Compiled in 65ms (331 modules)
 ✓ Compiled in 72ms (331 modules)
 ✓ Compiled in 81ms (331 modules)
 ✓ Compiled in 66ms (331 modules)
 ✓ Compiled in 70ms (331 modules)
 ✓ Compiled in 81ms (331 modules)
 ✓ Compiled in 70ms (331 modules)
 ✓ Compiled in 69ms (331 modules)
 ✓ Compiled in 76ms (331 modules)
 ✓ Compiled in 71ms (331 modules)
 ✓ Compiled in 75ms (331 modules)
 ✓ Compiled in 72ms (331 modules)
 ✓ Compiled in 68ms (331 modules)
 ✓ Compiled in 80ms (331 modules)
 ✓ Compiled in 78ms (331 modules)
 ✓ Compiled in 66ms (331 modules)
 ✓ Compiled in 71ms (331 modules)
 ✓ Compiled in 82ms (331 modules)
 ✓ Compiled in 66ms (331 modules)
 ✓ Compiled in 73ms (331 modules)
 ✓ Compiled in 78ms (331 modules)
 ✓ Compiled in 70ms (331 modules)
 ✓ Compiled in 69ms (331 modules)
 ✓ Compiled in 75ms (331 modules)
 ✓ Compiled in 65ms (331 modules)
 ✓ Compiled in 68ms (331 modules)
 ✓ Compiled in 71ms (331 modules)
 ✓ Compiled in 70ms (331 modules)
 ✓ Compiled in 70ms (331 modules)
 ✓ Compiled in 70ms (331 modules)
 ✓ Compiled in 67ms (331 modules)
 ✓ Compiled in 77ms (331 modules)
 ✓ Compiled in 73ms (331 modules)
 ✓ Compiled in 66ms (331 modules)
 ✓ Compiled in 77ms (331 modules)
 ✓ Compiled in 73ms (331 modules)
 ✓ Compiled in 78ms (331 modules)
 ✓ Compiled in 84ms (331 modules)
 ✓ Compiled in 71ms (331 modules)
 ✓ Compiled in 67ms (331 modules)
 ✓ Compiled in 72ms (331 modules)
 ✓ Compiled in 71ms (331 modules)
 ✓ Compiled in 68ms (331 modules)
 ✓ Compiled in 76ms (331 modules)
 ✓ Compiled in 78ms (331 modules)
 ✓ Compiled in 67ms (331 modules)
 ✓ Compiled in 70ms (331 modules)
 ✓ Compiled in 66ms (331 modules)
 ✓ Compiled in 73ms (331 modules)
 ✓ Compiled in 93ms (331 modules)
 ✓ Compiled in 74ms (331 modules)
 ✓ Compiled in 69ms (331 modules)
 ✓ Compiled in 72ms (331 modules)
 ✓ Compiled in 73ms (331 modules)
 ✓ Compiled in 73ms (331 modules)
 ✓ Compiled in 98ms (331 modules)
 ✓ Compiled in 101ms (331 modules)
 ✓ Compiled in 99ms (331 modules)
 ✓ Compiled in 84ms (331 modules)
 ✓ Compiled in 72ms (331 modules)
 ✓ Compiled in 70ms (331 modules)
 ✓ Compiled in 91ms (331 modules)
 ✓ Compiled in 77ms (331 modules)
 ✓ Compiled in 69ms (331 modules)
 ✓ Compiled in 72ms (331 modules)
 ✓ Compiled in 77ms (331 modules)
 ✓ Compiled in 78ms (331 modules)
 ✓ Compiled in 78ms (331 modules)
 ✓ Compiled in 83ms (331 modules)
 ✓ Compiled in 79ms (331 modules)
 ✓ Compiled in 73ms (331 modules)
 ✓ Compiled in 81ms (331 modules)
 ✓ Compiled in 103ms (331 modules)
 ✓ Compiled in 72ms (331 modules)
 ✓ Compiled in 76ms (331 modules)
 ✓ Compiled in 88ms (331 modules)
 ✓ Compiled in 73ms (331 modules)
 ✓ Compiled in 77ms (331 modules)
 ✓ Compiled in 76ms (331 modules)
 ✓ Compiled in 70ms (331 modules)
 ✓ Compiled in 70ms (331 modules)
 ✓ Compiled in 73ms (331 modules)
 ✓ Compiled in 65ms (331 modules)
 ✓ Compiled in 72ms (331 modules)
 ✓ Compiled in 70ms (331 modules)
 ✓ Compiled in 67ms (331 modules)
 ✓ Compiled in 72ms (331 modules)
 ✓ Compiled in 75ms (331 modules)
 ✓ Compiled in 70ms (331 modules)
 ✓ Compiled in 75ms (331 modules)
 ✓ Compiled in 72ms (331 modules)
 ✓ Compiled in 75ms (331 modules)
 ✓ Compiled in 77ms (331 modules)
 ✓ Compiled in 74ms (331 modules)
 ✓ Compiled in 67ms (331 modules)
 ✓ Compiled in 80ms (331 modules)
 ✓ Compiled in 71ms (331 modules)
 ✓ Compiled in 76ms (331 modules)
 ✓ Compiled in 70ms (331 modules)
 ✓ Compiled in 81ms (331 modules)
 ✓ Compiled in 74ms (331 modules)
 ✓ Compiled in 73ms (331 modules)
 ✓ Compiled in 77ms (331 modules)
 ✓ Compiled in 70ms (331 modules)
 ✓ Compiled in 73ms (331 modules)
 ✓ Compiled in 87ms (331 modules)
 ✓ Compiled in 163ms (331 modules)
 ✓ Compiled in 100ms (331 modules)
 ✓ Compiled in 79ms (331 modules)
 ✓ Compiled in 74ms (331 modules)
 ✓ Compiled in 69ms (331 modules)
 ✓ Compiled in 82ms (331 modules)
 ✓ Compiled in 69ms (331 modules)
 ✓ Compiled in 72ms (331 modules)
 ✓ Compiled in 70ms (331 modules)
 ✓ Compiled in 70ms (331 modules)
 ✓ Compiled in 67ms (331 modules)
 ✓ Compiled in 70ms (331 modules)
 ✓ Compiled in 68ms (331 modules)
 ✓ Compiled in 75ms (331 modules)
 ✓ Compiled in 71ms (331 modules)
 ✓ Compiled in 71ms (331 modules)
 ✓ Compiled in 68ms (331 modules)
 ✓ Compiled in 70ms (331 modules)
 ✓ Compiled in 69ms (331 modules)
 ✓ Compiled in 76ms (331 modules)
 ✓ Compiled in 78ms (331 modules)
 ✓ Compiled in 74ms (331 modules)
 ✓ Compiled in 77ms (331 modules)
 ✓ Compiled in 80ms (331 modules)
 ✓ Compiled in 74ms (331 modules)
 ✓ Compiled in 68ms (331 modules)
 ✓ Compiled in 69ms (331 modules)
 ✓ Compiled in 76ms (331 modules)
 ✓ Compiled in 78ms (331 modules)
 ✓ Compiled in 92ms (331 modules)
 ✓ Compiled in 84ms (331 modules)
 ✓ Compiled in 77ms (331 modules)
 ✓ Compiled in 72ms (331 modules)
 ✓ Compiled in 73ms (331 modules)
 ✓ Compiled in 73ms (331 modules)
 ✓ Compiled in 73ms (331 modules)
 ✓ Compiled in 76ms (331 modules)
 ✓ Compiled in 73ms (331 modules)
 ✓ Compiled in 75ms (331 modules)
 ✓ Compiled in 71ms (331 modules)
 ✓ Compiled in 72ms (331 modules)
 ✓ Compiled in 70ms (331 modules)
 ✓ Compiled in 80ms (331 modules)
 ✓ Compiled in 72ms (331 modules)
 ✓ Compiled in 66ms (331 modules)
 ✓ Compiled in 75ms (331 modules)
 ✓ Compiled in 70ms (331 modules)
 ✓ Compiled in 65ms (331 modules)
 ✓ Compiled in 80ms (331 modules)
 ✓ Compiled in 72ms (331 modules)
 ✓ Compiled in 69ms (331 modules)
 ✓ Compiled in 80ms (331 modules)
 ✓ Compiled in 83ms (331 modules)
 ✓ Compiled in 79ms (331 modules)
 ✓ Compiled in 73ms (331 modules)
 ✓ Compiled in 71ms (331 modules)
 ✓ Compiled in 72ms (331 modules)
 ✓ Compiled in 73ms (331 modules)
 ✓ Compiled in 72ms (331 modules)
 ✓ Compiled in 69ms (331 modules)
 ✓ Compiled in 81ms (331 modules)
 ✓ Compiled in 76ms (331 modules)
 ✓ Compiled in 64ms (331 modules)
 ✓ Compiled in 70ms (331 modules)
 ✓ Compiled in 79ms (331 modules)
 ✓ Compiled in 75ms (331 modules)
 ✓ Compiled in 72ms (331 modules)
 ✓ Compiled in 75ms (331 modules)
 ✓ Compiled in 68ms (331 modules)
 ✓ Compiled in 69ms (331 modules)
 ✓ Compiled in 70ms (331 modules)
 ✓ Compiled in 67ms (331 modules)
 ✓ Compiled in 72ms (331 modules)
 ✓ Compiled in 72ms (331 modules)
 ✓ Compiled in 69ms (331 modules)
 ✓ Compiled in 71ms (331 modules)
 ✓ Compiled in 77ms (331 modules)
 ✓ Compiled in 66ms (331 modules)
 ✓ Compiled in 77ms (331 modules)
 ✓ Compiled in 70ms (331 modules)
 ✓ Compiled in 66ms (331 modules)
 ✓ Compiled in 67ms (331 modules)
 ✓ Compiled in 69ms (331 modules)
 ✓ Compiled in 65ms (331 modules)
 ✓ Compiled in 72ms (331 modules)
 ✓ Compiled in 84ms (331 modules)
 ✓ Compiled in 66ms (331 modules)
 ✓ Compiled in 74ms (331 modules)
 ✓ Compiled in 73ms (331 modules)
 ✓ Compiled in 68ms (331 modules)
 ✓ Compiled in 78ms (331 modules)
 ✓ Compiled in 67ms (331 modules)
 ✓ Compiled in 75ms (331 modules)
 ✓ Compiled in 90ms (331 modules)
 ✓ Compiled in 71ms (331 modules)
 ✓ Compiled in 70ms (331 modules)
 ✓ Compiled in 77ms (331 modules)
 ✓ Compiled in 81ms (331 modules)
 ✓ Compiled in 66ms (331 modules)
 ✓ Compiled in 74ms (331 modules)
 ✓ Compiled in 76ms (331 modules)
 ✓ Compiled in 66ms (331 modules)
 ✓ Compiled in 87ms (331 modules)
 ✓ Compiled in 79ms (331 modules)
 ✓ Compiled in 76ms (331 modules)
 ✓ Compiled in 71ms (331 modules)
 ✓ Compiled in 73ms (331 modules)
 ✓ Compiled in 67ms (331 modules)
 ✓ Compiled in 81ms (331 modules)
 ✓ Compiled in 71ms (331 modules)
 ✓ Compiled in 78ms (331 modules)
 ✓ Compiled in 72ms (331 modules)
 ✓ Compiled in 75ms (331 modules)
 ✓ Compiled in 68ms (331 modules)
 ✓ Compiled in 80ms (331 modules)
 ✓ Compiled in 75ms (331 modules)
 ✓ Compiled in 73ms (331 modules)
 ✓ Compiled in 89ms (331 modules)
 ✓ Compiled in 69ms (331 modules)
 ✓ Compiled in 70ms (331 modules)
 ✓ Compiled in 76ms (331 modules)
 ✓ Compiled in 71ms (331 modules)
 ✓ Compiled in 66ms (331 modules)
 ✓ Compiled in 69ms (331 modules)
 ✓ Compiled in 83ms (331 modules)
 ✓ Compiled in 66ms (331 modules)
 ✓ Compiled in 75ms (331 modules)
 ✓ Compiled in 70ms (331 modules)
 ✓ Compiled in 73ms (331 modules)
 ✓ Compiled in 78ms (331 modules)
 ✓ Compiled in 74ms (331 modules)
 ✓ Compiled in 71ms (331 modules)
 ✓ Compiled in 76ms (331 modules)
 ✓ Compiled in 71ms (331 modules)
 ✓ Compiled in 69ms (331 modules)
 ✓ Compiled in 70ms (331 modules)
 ✓ Compiled in 69ms (331 modules)
 ✓ Compiled in 67ms (331 modules)
 ✓ Compiled in 71ms (331 modules)
 ✓ Compiled in 70ms (331 modules)
 ✓ Compiled in 77ms (331 modules)
 ✓ Compiled in 73ms (331 modules)
 ✓ Compiled in 79ms (331 modules)
 ✓ Compiled in 74ms (331 modules)
 ✓ Compiled in 70ms (331 modules)
 ✓ Compiled in 71ms (331 modules)
 ✓ Compiled in 68ms (331 modules)
 ✓ Compiled in 79ms (331 modules)
 ✓ Compiled in 72ms (331 modules)
 ✓ Compiled in 67ms (331 modules)
 ✓ Compiled in 83ms (331 modules)
 ✓ Compiled in 75ms (331 modules)
 ✓ Compiled in 68ms (331 modules)
 ✓ Compiled in 75ms (331 modules)
 ✓ Compiled in 74ms (331 modules)
 ✓ Compiled in 66ms (331 modules)
 ✓ Compiled in 69ms (331 modules)
 ✓ Compiled in 81ms (331 modules)
 ✓ Compiled in 67ms (331 modules)
 ✓ Compiled in 71ms (331 modules)
 ✓ Compiled in 71ms (331 modules)
 ✓ Compiled in 78ms (331 modules)
 ✓ Compiled in 72ms (331 modules)
 ✓ Compiled in 103ms (331 modules)
 ✓ Compiled in 120ms (331 modules)
 ✓ Compiled in 72ms (331 modules)
 ✓ Compiled in 68ms (331 modules)
 ✓ Compiled in 71ms (331 modules)
 ✓ Compiled in 75ms (331 modules)
 ✓ Compiled in 68ms (331 modules)
 ✓ Compiled in 69ms (331 modules)
 ✓ Compiled in 70ms (331 modules)
 ✓ Compiled in 67ms (331 modules)
 ✓ Compiled in 68ms (331 modules)
 ✓ Compiled in 71ms (331 modules)
 ✓ Compiled in 77ms (331 modules)
 ✓ Compiled in 73ms (331 modules)
 ✓ Compiled in 74ms (331 modules)
 ✓ Compiled in 70ms (331 modules)
 ✓ Compiled in 69ms (331 modules)
 ✓ Compiled in 71ms (331 modules)
 ✓ Compiled in 71ms (331 modules)
 ✓ Compiled in 82ms (331 modules)
 ✓ Compiled in 78ms (331 modules)
 ✓ Compiled in 74ms (331 modules)
 ✓ Compiled in 75ms (331 modules)
 ✓ Compiled in 81ms (331 modules)
 ✓ Compiled in 76ms (331 modules)
 ✓ Compiled in 78ms (331 modules)
 ✓ Compiled in 71ms (331 modules)
 ✓ Compiled in 75ms (331 modules)
 ✓ Compiled in 78ms (331 modules)
 ✓ Compiled in 79ms (331 modules)
 ✓ Compiled in 74ms (331 modules)
 ✓ Compiled in 72ms (331 modules)
 ✓ Compiled in 72ms (331 modules)
 ✓ Compiled in 81ms (331 modules)
 ✓ Compiled in 74ms (331 modules)
 ✓ Compiled in 92ms (331 modules)
 ✓ Compiled in 69ms (331 modules)
 ✓ Compiled in 70ms (331 modules)
 ✓ Compiled in 70ms (331 modules)
 ✓ Compiled in 86ms (331 modules)
 ✓ Compiled in 76ms (331 modules)
 ✓ Compiled in 68ms (331 modules)
 ✓ Compiled in 66ms (331 modules)
 ✓ Compiled in 68ms (331 modules)
 ✓ Compiled in 71ms (331 modules)
 ✓ Compiled in 66ms (331 modules)
 ✓ Compiled in 71ms (331 modules)
 ✓ Compiled in 72ms (331 modules)
 ✓ Compiled in 72ms (331 modules)
 ✓ Compiled in 81ms (331 modules)
 ✓ Compiled in 71ms (331 modules)
 ✓ Compiled in 76ms (331 modules)
 ✓ Compiled in 88ms (331 modules)
 ✓ Compiled in 74ms (331 modules)
 ✓ Compiled in 66ms (331 modules)
 ✓ Compiled in 72ms (331 modules)
 ✓ Compiled in 72ms (331 modules)
 ✓ Compiled in 67ms (331 modules)
 ✓ Compiled in 69ms (331 modules)
 ✓ Compiled in 70ms (331 modules)
 ✓ Compiled in 66ms (331 modules)
 ✓ Compiled in 68ms (331 modules)
 ✓ Compiled in 68ms (331 modules)
 ✓ Compiled in 68ms (331 modules)
 ✓ Compiled in 69ms (331 modules)
 ✓ Compiled in 76ms (331 modules)
 ✓ Compiled in 69ms (331 modules)
 ✓ Compiled in 67ms (331 modules)
 ✓ Compiled in 67ms (331 modules)
 ✓ Compiled in 73ms (331 modules)
 ✓ Compiled in 84ms (331 modules)
 ✓ Compiled in 74ms (331 modules)
 ✓ Compiled in 74ms (331 modules)
 ✓ Compiled in 79ms (331 modules)
 ✓ Compiled in 72ms (331 modules)
 ✓ Compiled in 71ms (331 modules)
 ✓ Compiled in 81ms (331 modules)
 ✓ Compiled in 71ms (331 modules)
 ✓ Compiled in 66ms (331 modules)
 ✓ Compiled in 69ms (331 modules)
 ✓ Compiled in 69ms (331 modules)
 ✓ Compiled in 67ms (331 modules)
 ✓ Compiled in 77ms (331 modules)
 ✓ Compiled in 71ms (331 modules)
 ✓ Compiled in 76ms (331 modules)
 ✓ Compiled in 73ms (331 modules)
 ✓ Compiled in 80ms (331 modules)
 ✓ Compiled in 67ms (331 modules)
 ✓ Compiled in 79ms (331 modules)
 ✓ Compiled in 68ms (331 modules)
 ✓ Compiled in 67ms (331 modules)
 ✓ Compiled in 70ms (331 modules)
 ✓ Compiled in 75ms (331 modules)
 ✓ Compiled in 72ms (331 modules)
 ✓ Compiled in 77ms (331 modules)
 ✓ Compiled in 73ms (331 modules)
 ✓ Compiled in 71ms (331 modules)
 ✓ Compiled in 71ms (331 modules)
 ✓ Compiled in 81ms (331 modules)
 ✓ Compiled in 81ms (331 modules)
 ✓ Compiled in 70ms (331 modules)
 ✓ Compiled in 71ms (331 modules)
 ✓ Compiled in 73ms (331 modules)
 ✓ Compiled in 73ms (331 modules)
 ✓ Compiled in 70ms (331 modules)
 ✓ Compiled in 67ms (331 modules)
 ✓ Compiled in 75ms (331 modules)
 ✓ Compiled in 74ms (331 modules)
 ✓ Compiled in 72ms (331 modules)
 ✓ Compiled in 71ms (331 modules)
 ✓ Compiled in 69ms (331 modules)
 ✓ Compiled in 74ms (331 modules)
 ✓ Compiled in 71ms (331 modules)
 ✓ Compiled in 71ms (331 modules)
 ✓ Compiled in 67ms (331 modules)
 ✓ Compiled in 70ms (331 modules)
 ✓ Compiled in 71ms (331 modules)
 ✓ Compiled in 83ms (331 modules)
 ✓ Compiled in 75ms (331 modules)
 ✓ Compiled in 83ms (331 modules)
 ✓ Compiled in 76ms (331 modules)
 ✓ Compiled in 77ms (331 modules)
 ✓ Compiled in 76ms (331 modules)
 ✓ Compiled in 73ms (331 modules)
 ✓ Compiled in 74ms (331 modules)
 ✓ Compiled in 72ms (331 modules)
 ✓ Compiled in 70ms (331 modules)
 ✓ Compiled in 72ms (331 modules)
 ✓ Compiled in 74ms (331 modules)
 ✓ Compiled in 81ms (331 modules)
 ✓ Compiled in 80ms (331 modules)
 ✓ Compiled in 86ms (331 modules)
 ✓ Compiled in 66ms (331 modules)
 ✓ Compiled in 83ms (331 modules)
 ✓ Compiled in 81ms (331 modules)
 ✓ Compiled in 79ms (331 modules)
 ✓ Compiled in 73ms (331 modules)
 ✓ Compiled in 76ms (331 modules)
 ✓ Compiled in 70ms (331 modules)
 ✓ Compiled in 83ms (331 modules)
 ✓ Compiled in 78ms (331 modules)
 ✓ Compiled in 70ms (331 modules)
 ✓ Compiled in 75ms (331 modules)
 ✓ Compiled in 74ms (331 modules)
 ✓ Compiled in 70ms (331 modules)
 ✓ Compiled in 73ms (331 modules)
 ✓ Compiled in 78ms (331 modules)
 ✓ Compiled in 73ms (331 modules)
 ✓ Compiled in 72ms (331 modules)
 ✓ Compiled in 72ms (331 modules)
 ✓ Compiled in 74ms (331 modules)
 ✓ Compiled in 75ms (331 modules)
 ✓ Compiled in 78ms (331 modules)
 ✓ Compiled in 70ms (331 modules)
 ✓ Compiled in 74ms (331 modules)
 ✓ Compiled in 77ms (331 modules)
 ✓ Compiled in 82ms (331 modules)
 ✓ Compiled in 84ms (331 modules)
 ✓ Compiled in 84ms (331 modules)
 ✓ Compiled in 81ms (331 modules)
 ✓ Compiled in 89ms (331 modules)
 ✓ Compiled in 79ms (331 modules)
 ✓ Compiled in 73ms (331 modules)
 ✓ Compiled in 89ms (331 modules)
 ✓ Compiled in 175ms (331 modules)
 ✓ Compiled in 83ms (331 modules)
 ✓ Compiled in 75ms (331 modules)
 ✓ Compiled in 91ms (331 modules)
 ✓ Compiled in 71ms (331 modules)
 ✓ Compiled in 74ms (331 modules)
 ✓ Compiled in 90ms (331 modules)
 ✓ Compiled in 72ms (331 modules)
 ✓ Compiled in 87ms (331 modules)
 ✓ Compiled in 72ms (331 modules)
 ✓ Compiled in 76ms (331 modules)
 ✓ Compiled in 72ms (331 modules)
 ✓ Compiled in 75ms (331 modules)
 ✓ Compiled in 87ms (331 modules)
 ✓ Compiled in 92ms (331 modules)
 ✓ Compiled in 78ms (331 modules)
 ✓ Compiled in 74ms (331 modules)
 ✓ Compiled in 86ms (331 modules)
 ✓ Compiled in 75ms (331 modules)
 ✓ Compiled in 70ms (331 modules)
 ✓ Compiled in 78ms (331 modules)
 ✓ Compiled in 69ms (331 modules)
 ✓ Compiled in 66ms (331 modules)
 ✓ Compiled in 69ms (331 modules)
 ✓ Compiled in 86ms (331 modules)
 ✓ Compiled in 67ms (331 modules)
 ✓ Compiled in 69ms (331 modules)
 ✓ Compiled in 69ms (331 modules)
 ✓ Compiled in 67ms (331 modules)
 ✓ Compiled in 93ms (331 modules)
 ✓ Compiled in 71ms (331 modules)
 ✓ Compiled in 73ms (331 modules)
 ✓ Compiled in 89ms (331 modules)
 ✓ Compiled in 77ms (331 modules)
 ✓ Compiled in 70ms (331 modules)
 ✓ Compiled in 91ms (331 modules)
 ✓ Compiled in 74ms (331 modules)
 ✓ Compiled in 68ms (331 modules)
 ✓ Compiled in 71ms (331 modules)
 ✓ Compiled in 93ms (331 modules)
 ✓ Compiled in 69ms (331 modules)
 ✓ Compiled in 92ms (331 modules)
 ✓ Compiled in 78ms (331 modules)
 ✓ Compiled in 69ms (331 modules)
 ✓ Compiled in 71ms (331 modules)
 ✓ Compiled in 74ms (331 modules)
 ✓ Compiled in 81ms (331 modules)
 ✓ Compiled in 77ms (331 modules)
 ✓ Compiled in 78ms (331 modules)
 ✓ Compiled in 75ms (331 modules)
 ✓ Compiled in 79ms (331 modules)
 ✓ Compiled in 80ms (331 modules)
 ✓ Compiled in 72ms (331 modules)
 ✓ Compiled in 81ms (331 modules)
 ✓ Compiled in 75ms (331 modules)
 ✓ Compiled in 68ms (331 modules)
 ✓ Compiled in 86ms (331 modules)
 ✓ Compiled in 71ms (331 modules)
 ✓ Compiled in 67ms (331 modules)
 ✓ Compiled in 73ms (331 modules)
 ✓ Compiled in 70ms (331 modules)
 ✓ Compiled in 70ms (331 modules)
 ✓ Compiled in 73ms (331 modules)
 ✓ Compiled in 71ms (331 modules)
 ✓ Compiled in 68ms (331 modules)
 ✓ Compiled in 77ms (331 modules)
 ✓ Compiled in 73ms (331 modules)
 ✓ Compiled in 79ms (331 modules)
 ✓ Compiled in 83ms (331 modules)
 ✓ Compiled in 72ms (331 modules)
 ✓ Compiled in 70ms (331 modules)
 ✓ Compiled in 72ms (331 modules)
 ✓ Compiled in 69ms (331 modules)
 ✓ Compiled in 81ms (331 modules)
 ✓ Compiled in 85ms (331 modules)
 ✓ Compiled in 78ms (331 modules)
 ✓ Compiled in 66ms (331 modules)
 ✓ Compiled in 70ms (331 modules)
 ✓ Compiled in 69ms (331 modules)
 ✓ Compiled in 66ms (331 modules)
 ✓ Compiled in 69ms (331 modules)
 ✓ Compiled in 71ms (331 modules)
 ✓ Compiled in 70ms (331 modules)
 ✓ Compiled in 72ms (331 modules)
 ✓ Compiled in 72ms (331 modules)
 ✓ Compiled in 72ms (331 modules)
 ✓ Compiled in 69ms (331 modules)
 ✓ Compiled in 68ms (331 modules)
 ✓ Compiled in 67ms (331 modules)
 ✓ Compiled in 73ms (331 modules)
 ✓ Compiled in 68ms (331 modules)
 ✓ Compiled in 65ms (331 modules)
 ✓ Compiled in 69ms (331 modules)
 ✓ Compiled in 78ms (331 modules)
 ✓ Compiled in 77ms (331 modules)
 ✓ Compiled in 88ms (331 modules)
 ✓ Compiled in 77ms (331 modules)
 ✓ Compiled in 65ms (331 modules)
 ✓ Compiled in 68ms (331 modules)
 ✓ Compiled in 72ms (331 modules)
 ✓ Compiled in 79ms (331 modules)
 ✓ Compiled in 68ms (331 modules)
 ✓ Compiled in 68ms (331 modules)
 ✓ Compiled in 65ms (331 modules)
 ✓ Compiled in 71ms (331 modules)
 ✓ Compiled in 78ms (331 modules)
 ✓ Compiled in 68ms (331 modules)
 ✓ Compiled in 77ms (331 modules)
 ✓ Compiled in 69ms (331 modules)
 ✓ Compiled in 69ms (331 modules)
 ✓ Compiled in 69ms (331 modules)
 ✓ Compiled in 68ms (331 modules)
 ✓ Compiled in 66ms (331 modules)
 ✓ Compiled in 74ms (331 modules)
 ✓ Compiled in 69ms (331 modules)
 ✓ Compiled in 68ms (331 modules)
 ✓ Compiled in 77ms (331 modules)
 ✓ Compiled in 85ms (331 modules)
 ✓ Compiled in 79ms (331 modules)
 ✓ Compiled in 129ms (331 modules)
 ✓ Compiled in 123ms (331 modules)
 ✓ Compiled in 76ms (331 modules)
 ✓ Compiled in 90ms (331 modules)
 ✓ Compiled in 72ms (331 modules)
 ✓ Compiled in 90ms (331 modules)
 ✓ Compiled in 89ms (331 modules)
 ✓ Compiled in 94ms (331 modules)
 ✓ Compiled in 73ms (331 modules)
 ✓ Compiled in 88ms (331 modules)
 ✓ Compiled in 74ms (331 modules)
 ✓ Compiled in 69ms (331 modules)
 ✓ Compiled in 74ms (331 modules)
 ✓ Compiled in 68ms (331 modules)
 ✓ Compiled in 75ms (331 modules)
 ✓ Compiled in 67ms (331 modules)
 ✓ Compiled in 80ms (331 modules)
 ✓ Compiled in 67ms (331 modules)
 ✓ Compiled in 66ms (331 modules)
 ✓ Compiled in 70ms (331 modules)
 ✓ Compiled in 73ms (331 modules)
 ✓ Compiled in 68ms (331 modules)
 ✓ Compiled in 74ms (331 modules)
 ✓ Compiled in 77ms (331 modules)
 ✓ Compiled in 68ms (331 modules)
 ✓ Compiled in 83ms (331 modules)
 ✓ Compiled in 69ms (331 modules)
 ✓ Compiled in 65ms (331 modules)
 ✓ Compiled in 78ms (331 modules)
 ✓ Compiled in 72ms (331 modules)
 ✓ Compiled in 71ms (331 modules)
 ✓ Compiled in 74ms (331 modules)
 ✓ Compiled in 72ms (331 modules)
 ✓ Compiled in 67ms (331 modules)
 ✓ Compiled in 71ms (331 modules)
 ✓ Compiled in 70ms (331 modules)
 ✓ Compiled in 71ms (331 modules)
 ✓ Compiled in 75ms (331 modules)
 ✓ Compiled in 74ms (331 modules)
 ✓ Compiled in 66ms (331 modules)
 ✓ Compiled in 75ms (331 modules)
 ✓ Compiled in 71ms (331 modules)
 ✓ Compiled in 67ms (331 modules)
 ✓ Compiled in 72ms (331 modules)
 ✓ Compiled in 124ms (331 modules)
 ✓ Compiled in 86ms (331 modules)
 ✓ Compiled in 75ms (331 modules)
 ✓ Compiled in 74ms (331 modules)
 ✓ Compiled in 68ms (331 modules)
 ✓ Compiled in 70ms (331 modules)
 ✓ Compiled in 69ms (331 modules)
 ✓ Compiled in 76ms (331 modules)
 ✓ Compiled in 72ms (331 modules)
 ✓ Compiled in 82ms (331 modules)
 ✓ Compiled in 73ms (331 modules)
 ✓ Compiled in 69ms (331 modules)
 ✓ Compiled in 68ms (331 modules)
 ✓ Compiled in 68ms (331 modules)
 ✓ Compiled in 73ms (331 modules)
 ✓ Compiled in 74ms (331 modules)
 ✓ Compiled in 85ms (331 modules)
 ✓ Compiled in 66ms (331 modules)
 ✓ Compiled in 76ms (331 modules)
 ✓ Compiled in 68ms (331 modules)
 ✓ Compiled in 67ms (331 modules)
 ✓ Compiled in 84ms (331 modules)
 ✓ Compiled in 73ms (331 modules)
 ✓ Compiled in 67ms (331 modules)
 ✓ Compiled in 70ms (331 modules)
 ✓ Compiled in 82ms (331 modules)
 ✓ Compiled in 68ms (331 modules)
 ✓ Compiled in 83ms (331 modules)
 ✓ Compiled in 70ms (331 modules)
 ✓ Compiled in 66ms (331 modules)
 ✓ Compiled in 70ms (331 modules)
 ✓ Compiled in 80ms (331 modules)
 ✓ Compiled in 67ms (331 modules)
 ✓ Compiled in 69ms (331 modules)
 ✓ Compiled in 72ms (331 modules)
 ✓ Compiled in 86ms (331 modules)
 ✓ Compiled in 77ms (331 modules)
 ✓ Compiled in 75ms (331 modules)
 ✓ Compiled in 83ms (331 modules)
 ✓ Compiled in 76ms (331 modules)
 ✓ Compiled in 81ms (331 modules)
 ✓ Compiled in 74ms (331 modules)
 ✓ Compiled in 73ms (331 modules)
 ✓ Compiled in 78ms (331 modules)
 ✓ Compiled in 67ms (331 modules)
 ✓ Compiled in 85ms (331 modules)
 ✓ Compiled in 70ms (331 modules)
 ✓ Compiled in 66ms (331 modules)
 ✓ Compiled in 75ms (331 modules)
 ✓ Compiled in 74ms (331 modules)
 ✓ Compiled in 68ms (331 modules)
 ✓ Compiled in 70ms (331 modules)
 ✓ Compiled in 83ms (331 modules)
 ✓ Compiled in 74ms (331 modules)
 ✓ Compiled in 72ms (331 modules)
 ✓ Compiled in 79ms (331 modules)
 ✓ Compiled in 79ms (331 modules)
 ✓ Compiled in 74ms (331 modules)
 ✓ Compiled in 70ms (331 modules)
 ✓ Compiled in 66ms (331 modules)
 ✓ Compiled in 69ms (331 modules)
 ✓ Compiled in 79ms (331 modules)
 ⨯ [Error: ENOENT: no such file or directory, open '/home/kavia/workspace/code-generation/careerai-nexus-39007-216ae164/careerai_nexus_frontend/.next/server/app-paths-manifest.json'] {
  errno: -2,
  syscall: 'open',
  code: 'ENOENT',
  path: '/home/kavia/workspace/code-generation/careerai-nexus-39007-216ae164/careerai_nexus_frontend/.next/server/app-paths-manifest.json',
  page: '/'
}
 ○ Compiling /_error ...
 ✓ Compiled /_error in 1983ms (1055 modules)
 ✓ Compiled in 113ms (573 modules)
 GET / 500 in 2475ms
 ✓ Compiled in 286ms (573 modules)
 ✓ Compiled in 102ms (573 modules)
 ✓ Compiled in 91ms (573 modules)
 ✓ Compiled in 97ms (573 modules)
 ⨯ [Error: ENOENT: no such file or directory, open '/home/kavia/workspace/code-generation/careerai-nexus-39007-216ae164/careerai_nexus_frontend/.next/server/app/page.js'] {
  errno: -2,
  syscall: 'open',
  code: 'ENOENT',
  path: '/home/kavia/workspace/code-generation/careerai-nexus-39007-216ae164/careerai_nexus_frontend/.next/server/app/page.js',
  page: '/'
}
 ✓ Compiled in 139ms (573 modules)
 ✓ Compiled in 99ms (573 modules)
 GET / 500 in 266ms
 ✓ Compiled in 110ms (573 modules)
 ✓ Compiled in 101ms (573 modules)
 ✓ Compiled in 93ms (573 modules)
 ✓ Compiled in 250ms (1041 modules)
 ✓ Compiled in 89ms (573 modules)
 ✓ Compiled in 96ms (573 modules)
 ✓ Compiled in 88ms (573 modules)
 ✓ Compiled in 105ms (573 modules)
 ✓ Compiled in 311ms (1055 modules)
 ✓ Compiled in 132ms (573 modules)
 ✓ Compiled in 102ms (573 modules)
 ✓ Compiled in 94ms (573 modules)
 ✓ Compiled in 95ms (573 modules)
 ✓ Compiled in 100ms (573 modules)
 ✓ Compiled in 109ms (573 modules)
[?25h
